feature@de.ovgu.featureide.featuremodeling=COPY,/vol1/teamcity_itidb/TeamCity/buildAgent/work/featureide/deploy,de.ovgu.featureide.featuremodeling
plugin@de.ovgu.featureide.fm.core=COPY,/vol1/teamcity_itidb/TeamCity/buildAgent/work/featureide/plugins,de.ovgu.featureide.fm.core
plugin@de.ovgu.featureide.fm.ui=COPY,/vol1/teamcity_itidb/TeamCity/buildAgent/work/featureide/plugins,de.ovgu.featureide.fm.ui
feature@de.ovgu.featureide=COPY,/vol1/teamcity_itidb/TeamCity/buildAgent/work/featureide/deploy,de.ovgu.featureide
plugin@de.ovgu.featureide.core=COPY,/vol1/teamcity_itidb/TeamCity/buildAgent/work/featureide/plugins,de.ovgu.featureide.core
plugin@de.ovgu.featureide.core.ahead=COPY,/vol1/teamcity_itidb/TeamCity/buildAgent/work/featureide/plugins,de.ovgu.featureide.core.ahead
plugin@de.ovgu.featureide.examples=COPY,/vol1/teamcity_itidb/TeamCity/buildAgent/work/featureide/plugins,de.ovgu.featureide.examples
plugin@de.ovgu.featureide.ui=COPY,/vol1/teamcity_itidb/TeamCity/buildAgent/work/featureide/plugins,de.ovgu.featureide.ui
plugin@de.ovgu.featureide.ui.ahead=COPY,/vol1/teamcity_itidb/TeamCity/buildAgent/work/featureide/plugins,de.ovgu.featureide.ui.ahead
plugin@de.ovgu.featureide.ui.ahead.refactoring=COPY,/vol1/teamcity_itidb/TeamCity/buildAgent/work/featureide/plugins,de.ovgu.featureide.ui.ahead.refactoring
plugin@de.ovgu.featureide.ui.doc=COPY,/vol1/teamcity_itidb/TeamCity/buildAgent/work/featureide/plugins,de.ovgu.featureide.ui.doc
feature@de.ovgu.featureide.featurecpp=COPY,/vol1/teamcity_itidb/TeamCity/buildAgent/work/featureide/deploy,de.ovgu.featureide.featurecpp
plugin@de.ovgu.featureide.core.featurecpp=COPY,/vol1/teamcity_itidb/TeamCity/buildAgent/work/featureide/plugins,de.ovgu.featureide.core.featurecpp
feature@de.ovgu.featureide.featurehouse=COPY,/vol1/teamcity_itidb/TeamCity/buildAgent/work/featureide/deploy,de.ovgu.featureide.featurehouse
plugin@de.ovgu.featureide.core.featurehouse=COPY,/vol1/teamcity_itidb/TeamCity/buildAgent/work/featureide/plugins,de.ovgu.featureide.core.featurehouse
feature@de.ovgu.featureide.test=COPY,/vol1/teamcity_itidb/TeamCity/buildAgent/work/featureide/deploy,de.ovgu.featureide.test
fragment@de.ovgu.featureide.fm.core-test=COPY,/vol1/teamcity_itidb/TeamCity/buildAgent/work/featureide/tests,de.ovgu.featureide.fm.core-test
fragment@de.ovgu.featureide.core-test=COPY,/vol1/teamcity_itidb/TeamCity/buildAgent/work/featureide/tests,de.ovgu.featureide.core-test