feature@de.ovgu.featureide.featuremodeling=COPY,/home/itidbrun/TeamCity/buildAgent/work/featureide/deploy,de.ovgu.featureide.featuremodeling
plugin@de.ovgu.featureide.fm.core=COPY,/home/itidbrun/TeamCity/buildAgent/work/featureide/plugins,de.ovgu.featureide.fm.core
plugin@de.ovgu.featureide.fm.ui=COPY,/home/itidbrun/TeamCity/buildAgent/work/featureide/plugins,de.ovgu.featureide.fm.ui
feature@de.ovgu.featureide=COPY,/home/itidbrun/TeamCity/buildAgent/work/featureide/deploy,de.ovgu.featureide
plugin@de.ovgu.featureide.core=COPY,/home/itidbrun/TeamCity/buildAgent/work/featureide/plugins,de.ovgu.featureide.core
plugin@de.ovgu.featureide.core.ahead=COPY,/home/itidbrun/TeamCity/buildAgent/work/featureide/plugins,de.ovgu.featureide.core.ahead
plugin@de.ovgu.featureide.ui=COPY,/home/itidbrun/TeamCity/buildAgent/work/featureide/plugins,de.ovgu.featureide.ui
feature@de.ovgu.featureide.featurecpp=COPY,/home/itidbrun/TeamCity/buildAgent/work/featureide/deploy,de.ovgu.featureide.featurecpp
plugin@de.ovgu.featureide.core.featurecpp=COPY,/home/itidbrun/TeamCity/buildAgent/work/featureide/plugins,de.ovgu.featureide.core.featurecpp
feature@de.ovgu.featureide.featurehouse=COPY,/home/itidbrun/TeamCity/buildAgent/work/featureide/deploy,de.ovgu.featureide.featurehouse
plugin@de.ovgu.featureide.core.featurehouse=COPY,/home/itidbrun/TeamCity/buildAgent/work/featureide/plugins,de.ovgu.featureide.core.featurehouse
plugin@de.ovgu.featureide.core.mpl=COPY,/home/itidbrun/TeamCity/buildAgent/work/featureide/plugins,de.ovgu.featureide.core.mpl
plugin@de.ovgu.featureide.ui.mpl=COPY,/home/itidbrun/TeamCity/buildAgent/work/featureide/plugins,de.ovgu.featureide.ui.mpl
feature@de.ovgu.featureide.antenna=COPY,/home/itidbrun/TeamCity/buildAgent/work/featureide/deploy,de.ovgu.featureide.antenna
plugin@de.ovgu.featureide.core.antenna=COPY,/home/itidbrun/TeamCity/buildAgent/work/featureide/plugins,de.ovgu.featureide.core.antenna
feature@de.ovgu.featureide.aspectj=COPY,/home/itidbrun/TeamCity/buildAgent/work/featureide/deploy,de.ovgu.featureide.aspectj
plugin@de.ovgu.featureide.core.aspectj=COPY,/home/itidbrun/TeamCity/buildAgent/work/featureide/plugins,de.ovgu.featureide.core.aspectj
feature@de.ovgu.featureide.exampleprojects=COPY,/home/itidbrun/TeamCity/buildAgent/work/featureide/deploy,de.ovgu.featureide.exampleprojects
plugin@de.ovgu.featureide.examples=COPY,/home/itidbrun/TeamCity/buildAgent/work/featureide/plugins,de.ovgu.featureide.examples
feature@de.ovgu.featureide.munge=COPY,/home/itidbrun/TeamCity/buildAgent/work/featureide/deploy,de.ovgu.featureide.munge
plugin@de.ovgu.featureide.core.munge=COPY,/home/itidbrun/TeamCity/buildAgent/work/featureide/plugins,de.ovgu.featureide.core.munge
feature@de.ovgu.featureide.test=COPY,/home/itidbrun/TeamCity/buildAgent/work/featureide/deploy,de.ovgu.featureide.test
fragment@de.ovgu.featureide.fm.core_test=COPY,/home/itidbrun/TeamCity/buildAgent/work/featureide/tests,de.ovgu.featureide.fm.core-test
fragment@de.ovgu.featureide.fm.ui_test=COPY,/home/itidbrun/TeamCity/buildAgent/work/featureide/tests,de.ovgu.featureide.fm.ui-test
fragment@de.ovgu.featureide.core.ahead_test=COPY,/home/itidbrun/TeamCity/buildAgent/work/featureide/tests,de.ovgu.featureide.core.ahead-test
fragment@de.ovgu.featureide.core.aspectj_test=COPY,/home/itidbrun/TeamCity/buildAgent/work/featureide/tests,de.ovgu.featureide.core.aspectj-test
fragment@de.ovgu.featureide.core.featurehouse_test=COPY,/home/itidbrun/TeamCity/buildAgent/work/featureide/tests,de.ovgu.featureide.core.featurehouse-test
fragment@de.ovgu.featureide.core.munge_test=COPY,/home/itidbrun/TeamCity/buildAgent/work/featureide/tests,de.ovgu.featureide.core.munge-test
fragment@de.ovgu.featureide.ui_test=COPY,/home/itidbrun/TeamCity/buildAgent/work/featureide/tests,de.ovgu.featureide.ui-test
feature@br.ufal.ic.colligens.feature=COPY,/home/itidbrun/TeamCity/buildAgent/work/featureide/deploy,br.ufal.ic.colligens.feature
plugin@br.ufal.ic.colligens=COPY,/home/itidbrun/TeamCity/buildAgent/work/featureide/plugins,br.ufal.ic.colligens
feature@de.ovgu.featureide.munge.android=COPY,/home/itidbrun/TeamCity/buildAgent/work/featureide/deploy,de.ovgu.featureide.munge.android
plugin@de.ovgu.featureide.core.munge.android=COPY,/home/itidbrun/TeamCity/buildAgent/work/featureide/plugins,de.ovgu.featureide.core.munge.android
plugin@de.ovgu.featureide.ui.android=COPY,/home/itidbrun/TeamCity/buildAgent/work/featureide/plugins,de.ovgu.featureide.ui.android
